// Jest Snapshot v1, https://goo.gl/fbAQLP

exports[`works 1`] = `
"import QButton from \\"vueq-mobile-ui/dist/packages/QButton.js\\";
import \\"vueq-mobile-ui/dist/css/QButton.css\\";"
`;
